
> tracelab-os@0.1.0 verify
> npm run typecheck && npm run lint && npm test && npm run build


> tracelab-os@0.1.0 typecheck
> tsc --noEmit


> tracelab-os@0.1.0 lint
> eslint .


> tracelab-os@0.1.0 test
> vitest run


 RUN  v4.1.10 /Users/userselu/Downloads/TracelabOS

(node:38039) ExperimentalWarning: SQLite is an experimental feature and might change at any time
(Use `node --trace-warnings ...` to show where the warning was created)
(node:38036) ExperimentalWarning: SQLite is an experimental feature and might change at any time
(Use `node --trace-warnings ...` to show where the warning was created)
(node:38040) ExperimentalWarning: SQLite is an experimental feature and might change at any time
(Use `node --trace-warnings ...` to show where the warning was created)

 Test Files  5 passed (5)
      Tests  358 passed (358)
   Start at  19:10:59
   Duration  647ms (transform 154ms, setup 0ms, import 938ms, tests 295ms, environment 0ms)


> tracelab-os@0.1.0 build
> next build apps/web --webpack

▲ Next.js 16.3.1 (webpack)
✓ Running next.config.ts took 623ms

  Creating an optimized production build ...
✓ Compiled successfully in 542ms
  Running TypeScript ...
  Finished TypeScript in 534ms ...
  Collecting page data using 5 workers ...
(node:38159) ExperimentalWarning: SQLite is an experimental feature and might change at any time
(Use `node --trace-warnings ...` to show where the warning was created)
  Generating static pages using 5 workers (0/3) ...
✓ Generating static pages using 5 workers (3/3) in 249ms
  Finalizing page optimization ...
  Collecting build traces ...

Route (app)
┌ ○ /
├ ○ /_not-found
└ ƒ /api/[[...route]]


○  (Static)   prerendered as static content
ƒ  (Dynamic)  server-rendered on demand

