.github/workflows/quality.yml 13ms (unchanged)

> tracelab-os@0.1.0 typecheck /Users/userselu/Downloads/TracelabOS
> tsc --noEmit


> tracelab-os@0.1.0 lint /Users/userselu/Downloads/TracelabOS
> eslint .


> tracelab-os@0.1.0 test /Users/userselu/Downloads/TracelabOS
> vitest run


 RUN  v4.1.11 /Users/userselu/Downloads/TracelabOS

(node:76940) ExperimentalWarning: SQLite is an experimental feature and might change at any time
(Use `node --trace-warnings ...` to show where the warning was created)
(node:76935) ExperimentalWarning: SQLite is an experimental feature and might change at any time
(Use `node --trace-warnings ...` to show where the warning was created)
(node:76936) ExperimentalWarning: SQLite is an experimental feature and might change at any time
(Use `node --trace-warnings ...` to show where the warning was created)
(node:76942) ExperimentalWarning: SQLite is an experimental feature and might change at any time
(Use `node --trace-warnings ...` to show where the warning was created)
(node:76938) ExperimentalWarning: SQLite is an experimental feature and might change at any time
(Use `node --trace-warnings ...` to show where the warning was created)
(node:76939) ExperimentalWarning: SQLite is an experimental feature and might change at any time
(Use `node --trace-warnings ...` to show where the warning was created)
(node:76937) ExperimentalWarning: SQLite is an experimental feature and might change at any time
(Use `node --trace-warnings ...` to show where the warning was created)
(node:76941) ExperimentalWarning: SQLite is an experimental feature and might change at any time
(Use `node --trace-warnings ...` to show where the warning was created)
(node:76934) ExperimentalWarning: SQLite is an experimental feature and might change at any time
(Use `node --trace-warnings ...` to show where the warning was created)
(node:76953) ExperimentalWarning: SQLite is an experimental feature and might change at any time
(Use `node --trace-warnings ...` to show where the warning was created)
(node:76956) ExperimentalWarning: SQLite is an experimental feature and might change at any time
(Use `node --trace-warnings ...` to show where the warning was created)
(node:76962) ExperimentalWarning: SQLite is an experimental feature and might change at any time
(Use `node --trace-warnings ...` to show where the warning was created)
(node:76965) ExperimentalWarning: SQLite is an experimental feature and might change at any time
(Use `node --trace-warnings ...` to show where the warning was created)

 Test Files  24 passed (24)
      Tests  1462 passed (1462)
   Start at  09:48:01
   Duration  3.17s (transform 1.40s, setup 0ms, import 4.06s, tests 22.60s, environment 1ms)


> tracelab-os@0.1.0 build /Users/userselu/Downloads/TracelabOS
> next build apps/web --webpack

▲ Next.js 16.3.8 (webpack)
✓ Running next.config.ts took 14ms

  Creating an optimized production build ...
✓ Compiled successfully in 798ms
  Running TypeScript ...
  Finished TypeScript in 996ms ...
  Collecting page data using 5 workers ...
(node:77111) ExperimentalWarning: SQLite is an experimental feature and might change at any time
(Use `node --trace-warnings ...` to show where the warning was created)
  Generating static pages using 5 workers (0/3) ...
✓ Generating static pages using 5 workers (3/3) in 240ms
  Finalizing page optimization ...
  Collecting build traces ...

Route (app)
┌ ○ /
├ ○ /_not-found
└ ƒ /api/[[...route]]


○  (Static)   prerendered as static content
ƒ  (Dynamic)  server-rendered on demand


> tracelab-os@0.1.0 test:e2e /Users/userselu/Downloads/TracelabOS
> playwright test

[WebServer] (node:77141) ExperimentalWarning: Transform Types is an experimental feature and might change at any time
[WebServer] (Use `node --trace-warnings ...` to show where the warning was created)
[WebServer] (node:77141) Warning: The 'NO_COLOR' env is ignored due to the 'FORCE_COLOR' env being set.
[WebServer] (node:77141) ExperimentalWarning: SQLite is an experimental feature and might change at any time
[WebServer] (node:77142) Warning: The 'NO_COLOR' env is ignored due to the 'FORCE_COLOR' env being set.
[WebServer] (Use `node --trace-warnings ...` to show where the warning was created)
[WebServer] (node:77165) Warning: The 'NO_COLOR' env is ignored due to the 'FORCE_COLOR' env being set.
[WebServer] (Use `node --trace-warnings ...` to show where the warning was created)

Running 15 tests using 1 worker

(node:77171) Warning: The 'NO_COLOR' env is ignored due to the 'FORCE_COLOR' env being set.
(Use `node --trace-warnings ...` to show where the warning was created)
[WebServer] (node:77165) ExperimentalWarning: SQLite is an experimental feature and might change at any time
  ✓   1 tests/e2e/classroom.spec.ts:28:1 › authenticated classroom publication, enrollment, photo, confirmed fraction work, teacher release, and login (1.8s)
  ✓   2 tests/e2e/classroom.spec.ts:175:1 › keyboard skip link and demo navigation remain usable at 200 percent text zoom (220ms)
  ✓   3 tests/e2e/curriculum.spec.ts:4:1 › teacher previews fraction bars and student completes a generated division assignment on mobile (933ms)
  ✓   4 tests/e2e/curriculum.spec.ts:81:1 › a generated expression can be simplified and completed through the student workspace (813ms)
  ✓   5 tests/e2e/curriculum.spec.ts:135:1 › positive proportions show a ratio table and preserve denominator conditions after confirmation (900ms)
  ✓   6 tests/e2e/curriculum.spec.ts:197:1 › composite geometry uses known dimensions and completes with square units on mobile (825ms)
  ✓   7 tests/e2e/curriculum.spec.ts:258:1 › area unit error remains in automatic history after a teacher accepts the original work (625ms)
  ✓   8 tests/e2e/mastery.spec.ts:4:1 › review corrections update one persisted attempt and student progress survives reload (942ms)
  ✓   9 tests/e2e/ocr-workflow.spec.ts:33:1 › queued extraction preserves original output, requires correction confirmation and remains inspectable by the teacher (1.8s)
  ✓  10 tests/e2e/ocr-workflow.spec.ts:102:1 › invalid extraction offers manual fallback with no automatic grade (1.3s)
  ✓  11 tests/e2e/ocr-workflow.spec.ts:121:1 › cancelling an in-flight extraction retains the saved draft and rejects late output (4.0s)
  ✓  12 tests/e2e/remediation.spec.ts:5:1 › teacher assigns targeted practice and the student completes the linked question (1.2s)
  ✓  13 tests/e2e/workflow.spec.ts:3:1 › visitor confirms a solution, inspects propagation, and records teacher review (619ms)
  ✓  14 tests/e2e/workflow.spec.ts:56:1 › landing and student workspace pass automated accessibility checks (668ms)
  ✓  15 tests/e2e/workflow.spec.ts:82:1 › mobile workspace has no horizontal overflow and supports correct solution (440ms)

  15 passed (19.4s)

> tracelab-os@0.1.0 adaptive:catalog /Users/userselu/Downloads/TracelabOS
> node --experimental-transform-types scripts/adaptive-experiment.ts catalog

(node:77484) ExperimentalWarning: Transform Types is an experimental feature and might change at any time
(Use `node --trace-warnings ...` to show where the warning was created)
{"seed": 20261010, "scenarios": 2, "learnersPerScenario": 180, "trainPerScenario": 60, "testPerScenario": 120}

> tracelab-os@0.1.0 adaptive:score /Users/userselu/Downloads/TracelabOS
> node --experimental-transform-types scripts/adaptive-experiment.ts score

{"experimentVersion":"synthetic-adaptive-1","scenarios":2,"testLearners":240}
(node:77527) ExperimentalWarning: Transform Types is an experimental feature and might change at any time
(Use `node --trace-warnings ...` to show where the warning was created)
{
  "scenarios": [
    {
      "name": "matched_no_forgetting",
      "brier": {
        "constant": 0.24891676416097794,
        "frequency": 0.2189448915435139,
        "bkt": 0.20097704655005746
      }
    },
    {
      "name": "heterogeneous_with_forgetting",
      "brier": {
        "constant": 0.2499592558631571,
        "frequency": 0.21416173893939086,
        "bkt": 0.2069556035799869
      }
    }
  ]
}
............
----------------------------------------------------------------------
Ran 12 tests in 0.005s

OK
README.md 24ms (unchanged)
research/adaptive-evaluation/README.md 9ms
obsidian/TraceLab-Vault/00-START-HERE.md 3ms (unchanged)
obsidian/TraceLab-Vault/01-Project-Overview/IXL-Competency-Mapping.md 3ms (unchanged)
obsidian/TraceLab-Vault/01-Project-Overview/Product-Requirements.md 1ms (unchanged)
obsidian/TraceLab-Vault/01-Project-Overview/Project-Glossary.md 1ms (unchanged)
obsidian/TraceLab-Vault/01-Project-Overview/Scope-and-Non-Goals.md 1ms (unchanged)
obsidian/TraceLab-Vault/01-Project-Overview/Success-Criteria.md 1ms (unchanged)
obsidian/TraceLab-Vault/01-Project-Overview/Vision.md 2ms (unchanged)
obsidian/TraceLab-Vault/02-Architecture/Adaptive-Learning-Engine.md 7ms (unchanged)
obsidian/TraceLab-Vault/02-Architecture/API-Architecture.md 1ms (unchanged)
obsidian/TraceLab-Vault/02-Architecture/Authentication-Architecture.md 1ms (unchanged)
obsidian/TraceLab-Vault/02-Architecture/Component-Architecture.md 1ms (unchanged)
obsidian/TraceLab-Vault/02-Architecture/Database-Architecture.md 2ms (unchanged)
obsidian/TraceLab-Vault/02-Architecture/Deployment-Architecture.md 1ms (unchanged)
obsidian/TraceLab-Vault/02-Architecture/Event-Replay-Architecture.md 1ms (unchanged)
obsidian/TraceLab-Vault/02-Architecture/Frontend-Architecture.md 1ms (unchanged)
obsidian/TraceLab-Vault/02-Architecture/Mathematical-Engine.md 2ms (unchanged)
obsidian/TraceLab-Vault/02-Architecture/OCR-Pipeline.md 1ms (unchanged)
obsidian/TraceLab-Vault/02-Architecture/Real-Time-Architecture.md 1ms (unchanged)
obsidian/TraceLab-Vault/02-Architecture/System-Architecture.md 1ms (unchanged)
obsidian/TraceLab-Vault/02-Architecture/Technology-Stack.md 1ms (unchanged)
obsidian/TraceLab-Vault/03-Product-Design/Accessibility.md 1ms (unchanged)
obsidian/TraceLab-Vault/03-Product-Design/Demo-User-Flow.md 1ms (unchanged)
obsidian/TraceLab-Vault/03-Product-Design/Design-System.md 1ms (unchanged)
obsidian/TraceLab-Vault/03-Product-Design/Screen-Inventory.md 1ms (unchanged)
obsidian/TraceLab-Vault/03-Product-Design/Student-User-Flow.md 1ms (unchanged)
obsidian/TraceLab-Vault/03-Product-Design/Teacher-User-Flow.md 1ms (unchanged)
obsidian/TraceLab-Vault/03-Product-Design/User-Stories.md 1ms (unchanged)
obsidian/TraceLab-Vault/03-Product-Design/Wireframes.md 1ms (unchanged)
obsidian/TraceLab-Vault/04-Curriculum/Curriculum-Overview.md 1ms (unchanged)
obsidian/TraceLab-Vault/04-Curriculum/Fractions.md 1ms (unchanged)
obsidian/TraceLab-Vault/04-Curriculum/Geometry.md 1ms (unchanged)
obsidian/TraceLab-Vault/04-Curriculum/Linear-Equations.md 1ms (unchanged)
obsidian/TraceLab-Vault/04-Curriculum/Misconception-Taxonomy.md 1ms (unchanged)
obsidian/TraceLab-Vault/04-Curriculum/Question-Generation.md 1ms (unchanged)
obsidian/TraceLab-Vault/04-Curriculum/Ratios-and-Proportions.md 1ms (unchanged)
obsidian/TraceLab-Vault/04-Curriculum/Skill-Graph.md 1ms (unchanged)
obsidian/TraceLab-Vault/05-Engineering/API-Contracts.md 2ms (unchanged)
obsidian/TraceLab-Vault/05-Engineering/Coding-Conventions.md 1ms (unchanged)
obsidian/TraceLab-Vault/05-Engineering/Database-Schema.md 2ms (unchanged)
obsidian/TraceLab-Vault/05-Engineering/Development-Standards.md 1ms (unchanged)
obsidian/TraceLab-Vault/05-Engineering/Error-Handling.md 1ms (unchanged)
obsidian/TraceLab-Vault/05-Engineering/Git-Workflow.md 1ms (unchanged)
obsidian/TraceLab-Vault/05-Engineering/Performance-Engineering.md 1ms (unchanged)
obsidian/TraceLab-Vault/05-Engineering/Security-Engineering.md 1ms (unchanged)
obsidian/TraceLab-Vault/05-Engineering/Testing-Strategy.md 1ms (unchanged)
obsidian/TraceLab-Vault/06-Research/Adaptive-Learning-Research.md 2ms (unchanged)
obsidian/TraceLab-Vault/06-Research/Educational-Standards.md 2ms (unchanged)
obsidian/TraceLab-Vault/06-Research/Hosting-Feasibility.md 1ms (unchanged)
obsidian/TraceLab-Vault/06-Research/Mathematical-Verification.md 1ms (unchanged)
obsidian/TraceLab-Vault/06-Research/OCR-Model-Comparison.md 1ms (unchanged)
obsidian/TraceLab-Vault/06-Research/Privacy-Requirements.md 1ms (unchanged)
obsidian/TraceLab-Vault/06-Research/References.md 1ms (unchanged)
obsidian/TraceLab-Vault/07-Development-Journal/Change-Ledger.md 28ms (unchanged)
obsidian/TraceLab-Vault/07-Development-Journal/Current-State.md 6ms (unchanged)
obsidian/TraceLab-Vault/07-Development-Journal/Development-Sessions.md 1ms (unchanged)
obsidian/TraceLab-Vault/07-Development-Journal/Known-Issues.md 1ms (unchanged)
obsidian/TraceLab-Vault/07-Development-Journal/Recovery-Instructions.md 4ms (unchanged)
obsidian/TraceLab-Vault/07-Development-Journal/Regression-History.md 4ms (unchanged)
obsidian/TraceLab-Vault/07-Development-Journal/Task-Backlog.md 2ms (unchanged)
obsidian/TraceLab-Vault/08-Testing/Accessibility-Testing.md 1ms (unchanged)
obsidian/TraceLab-Vault/08-Testing/Math-Engine-Results.md 2ms (unchanged)
obsidian/TraceLab-Vault/08-Testing/OCR-Benchmark-Results.md 1ms (unchanged)
obsidian/TraceLab-Vault/08-Testing/Performance-Benchmarks.md 1ms (unchanged)
obsidian/TraceLab-Vault/08-Testing/Security-Testing.md 1ms (unchanged)
obsidian/TraceLab-Vault/08-Testing/Test-Matrix.md 1ms (unchanged)
obsidian/TraceLab-Vault/08-Testing/Test-Results.md 8ms (unchanged)
obsidian/TraceLab-Vault/09-Operations/Data-Retention.md 1ms (unchanged)
obsidian/TraceLab-Vault/09-Operations/Deployment-Guide.md 1ms (unchanged)
obsidian/TraceLab-Vault/09-Operations/Environment-Variables.md 1ms (unchanged)
obsidian/TraceLab-Vault/09-Operations/Incident-Response.md 1ms (unchanged)
obsidian/TraceLab-Vault/09-Operations/Local-Development.md 3ms (unchanged)
obsidian/TraceLab-Vault/09-Operations/Monitoring.md 1ms (unchanged)
obsidian/TraceLab-Vault/10-Roadmap/Master-Roadmap.md 1ms (unchanged)
obsidian/TraceLab-Vault/10-Roadmap/Phase-0-Feasibility.md 0ms (unchanged)
obsidian/TraceLab-Vault/10-Roadmap/Phase-1-Foundation.md 0ms (unchanged)
obsidian/TraceLab-Vault/10-Roadmap/Phase-2-Mathematics.md 1ms (unchanged)
obsidian/TraceLab-Vault/10-Roadmap/Phase-3-Computer-Vision.md 1ms (unchanged)
obsidian/TraceLab-Vault/10-Roadmap/Phase-4-Classrooms.md 0ms (unchanged)
obsidian/TraceLab-Vault/10-Roadmap/Phase-5-Adaptive-Learning.md 1ms (unchanged)
obsidian/TraceLab-Vault/10-Roadmap/Phase-6-Production-Readiness.md 0ms (unchanged)
obsidian/TraceLab-Vault/11-Architecture-Decisions/ADR-0001-System-Architecture.md 1ms (unchanged)
obsidian/TraceLab-Vault/11-Architecture-Decisions/ADR-0002-Database-Selection.md 1ms (unchanged)
obsidian/TraceLab-Vault/11-Architecture-Decisions/ADR-0003-OCR-Strategy.md 1ms (unchanged)
obsidian/TraceLab-Vault/11-Architecture-Decisions/ADR-0004-Mathematical-Verification.md 1ms (unchanged)
obsidian/TraceLab-Vault/11-Architecture-Decisions/ADR-0005-Async-Persistence.md 1ms (unchanged)
obsidian/TraceLab-Vault/11-Architecture-Decisions/ADR-0006-Private-Object-Storage.md 2ms (unchanged)
.github/workflows/quality.yml 11ms (unchanged)

> tracelab-os@0.1.0 format:check /Users/userselu/Downloads/TracelabOS
> prettier --check .

Checking formatting...
All matched files use Prettier code style!
All checks passed!
6 files already formatted
