tests/e2e/learning-lab.spec.ts 34ms

> tracelab-os@0.1.0 typecheck /Users/userselu/Downloads/TracelabOS
> tsc --noEmit


> tracelab-os@0.1.0 lint /Users/userselu/Downloads/TracelabOS
> eslint .


> tracelab-os@0.1.0 test /Users/userselu/Downloads/TracelabOS
> vitest run


 RUN  v4.1.11 /Users/userselu/Downloads/TracelabOS

(node:83772) ExperimentalWarning: SQLite is an experimental feature and might change at any time
(Use `node --trace-warnings ...` to show where the warning was created)
(node:83773) ExperimentalWarning: SQLite is an experimental feature and might change at any time
(Use `node --trace-warnings ...` to show where the warning was created)
(node:83777) ExperimentalWarning: SQLite is an experimental feature and might change at any time
(Use `node --trace-warnings ...` to show where the warning was created)
(node:83774) ExperimentalWarning: SQLite is an experimental feature and might change at any time
(Use `node --trace-warnings ...` to show where the warning was created)
(node:83779) ExperimentalWarning: SQLite is an experimental feature and might change at any time
(Use `node --trace-warnings ...` to show where the warning was created)
(node:83775) ExperimentalWarning: SQLite is an experimental feature and might change at any time
(Use `node --trace-warnings ...` to show where the warning was created)
(node:83776) ExperimentalWarning: SQLite is an experimental feature and might change at any time
(Use `node --trace-warnings ...` to show where the warning was created)
(node:83778) ExperimentalWarning: SQLite is an experimental feature and might change at any time
(Use `node --trace-warnings ...` to show where the warning was created)
(node:83771) ExperimentalWarning: SQLite is an experimental feature and might change at any time
(Use `node --trace-warnings ...` to show where the warning was created)
(node:83899) ExperimentalWarning: SQLite is an experimental feature and might change at any time
(Use `node --trace-warnings ...` to show where the warning was created)
(node:83894) ExperimentalWarning: SQLite is an experimental feature and might change at any time
(Use `node --trace-warnings ...` to show where the warning was created)
(node:83902) ExperimentalWarning: SQLite is an experimental feature and might change at any time
(Use `node --trace-warnings ...` to show where the warning was created)
(node:83905) ExperimentalWarning: SQLite is an experimental feature and might change at any time
(Use `node --trace-warnings ...` to show where the warning was created)

 Test Files  24 passed (24)
      Tests  1462 passed (1462)
   Start at  09:58:06
   Duration  3.16s (transform 1.88s, setup 0ms, import 4.54s, tests 22.49s, environment 1ms)


> tracelab-os@0.1.0 build /Users/userselu/Downloads/TracelabOS
> next build apps/web --webpack

▲ Next.js 16.3.8 (webpack)
✓ Running next.config.ts took 50ms

  Creating an optimized production build ...
✓ Compiled successfully in 1000ms
  Running TypeScript ...
  Finished TypeScript in 1199ms ...
  Collecting page data using 5 workers ...
(node:83945) ExperimentalWarning: SQLite is an experimental feature and might change at any time
(Use `node --trace-warnings ...` to show where the warning was created)
  Generating static pages using 5 workers (0/3) ...
✓ Generating static pages using 5 workers (3/3) in 268ms
  Finalizing page optimization ...
  Collecting build traces ...

Route (app)
┌ ○ /
├ ○ /_not-found
└ ƒ /api/[[...route]]


○  (Static)   prerendered as static content
ƒ  (Dynamic)  server-rendered on demand


> tracelab-os@0.1.0 test:e2e /Users/userselu/Downloads/TracelabOS
> playwright test

[WebServer] (node:84206) ExperimentalWarning: Transform Types is an experimental feature and might change at any time
[WebServer] (Use `node --trace-warnings ...` to show where the warning was created)
[WebServer] (node:84206) Warning: The 'NO_COLOR' env is ignored due to the 'FORCE_COLOR' env being set.
[WebServer] (node:84206) ExperimentalWarning: SQLite is an experimental feature and might change at any time
[WebServer] (node:84207) Warning: The 'NO_COLOR' env is ignored due to the 'FORCE_COLOR' env being set.
[WebServer] (Use `node --trace-warnings ...` to show where the warning was created)
[WebServer] (node:84230) Warning: The 'NO_COLOR' env is ignored due to the 'FORCE_COLOR' env being set.
[WebServer] (Use `node --trace-warnings ...` to show where the warning was created)
TypeError: Module "file:///Users/userselu/Downloads/TracelabOS/artifacts/adaptive-strategy-results.json" needs an import attribute of "type: json"

 ELIFECYCLE  Command failed with exit code 1.
tests/e2e/learning-lab.spec.ts 36ms (unchanged)

> tracelab-os@0.1.0 typecheck /Users/userselu/Downloads/TracelabOS
> tsc --noEmit


> tracelab-os@0.1.0 lint /Users/userselu/Downloads/TracelabOS
> eslint .


> tracelab-os@0.1.0 test:e2e /Users/userselu/Downloads/TracelabOS
> playwright test

[WebServer] (node:84574) ExperimentalWarning: Transform Types is an experimental feature and might change at any time
[WebServer] (Use `node --trace-warnings ...` to show where the warning was created)
[WebServer] (node:84574) Warning: The 'NO_COLOR' env is ignored due to the 'FORCE_COLOR' env being set.
[WebServer] (node:84574) ExperimentalWarning: SQLite is an experimental feature and might change at any time
[WebServer] (node:84575) Warning: The 'NO_COLOR' env is ignored due to the 'FORCE_COLOR' env being set.
[WebServer] (Use `node --trace-warnings ...` to show where the warning was created)
[WebServer] (node:84603) Warning: The 'NO_COLOR' env is ignored due to the 'FORCE_COLOR' env being set.
[WebServer] (Use `node --trace-warnings ...` to show where the warning was created)

Running 17 tests using 1 worker

(node:84609) Warning: The 'NO_COLOR' env is ignored due to the 'FORCE_COLOR' env being set.
(Use `node --trace-warnings ...` to show where the warning was created)
[WebServer] (node:84603) ExperimentalWarning: SQLite is an experimental feature and might change at any time
  ✓   1 tests/e2e/classroom.spec.ts:28:1 › authenticated classroom publication, enrollment, photo, confirmed fraction work, teacher release, and login (1.9s)
  ✓   2 tests/e2e/classroom.spec.ts:175:1 › keyboard skip link and demo navigation remain usable at 200 percent text zoom (218ms)
  ✓   3 tests/e2e/curriculum.spec.ts:4:1 › teacher previews fraction bars and student completes a generated division assignment on mobile (1.0s)
  ✓   4 tests/e2e/curriculum.spec.ts:81:1 › a generated expression can be simplified and completed through the student workspace (821ms)
  ✓   5 tests/e2e/curriculum.spec.ts:135:1 › positive proportions show a ratio table and preserve denominator conditions after confirmation (846ms)
  ✓   6 tests/e2e/curriculum.spec.ts:197:1 › composite geometry uses known dimensions and completes with square units on mobile (797ms)
  ✓   7 tests/e2e/curriculum.spec.ts:258:1 › area unit error remains in automatic history after a teacher accepts the original work (640ms)
  ✓   8 tests/e2e/learning-lab.spec.ts:5:1 › learning sandbox explains ordered updates without writing student records (719ms)
  ✓   9 tests/e2e/learning-lab.spec.ts:82:1 › published comparison supports scenario selection, mobile and accessible tables (932ms)
  ✓  10 tests/e2e/mastery.spec.ts:4:1 › review corrections update one persisted attempt and student progress survives reload (885ms)
  ✓  11 tests/e2e/ocr-workflow.spec.ts:33:1 › queued extraction preserves original output, requires correction confirmation and remains inspectable by the teacher (1.8s)
  ✓  12 tests/e2e/ocr-workflow.spec.ts:102:1 › invalid extraction offers manual fallback with no automatic grade (1.3s)
  ✓  13 tests/e2e/ocr-workflow.spec.ts:121:1 › cancelling an in-flight extraction retains the saved draft and rejects late output (4.0s)
  ✓  14 tests/e2e/remediation.spec.ts:5:1 › teacher assigns targeted practice and the student completes the linked question (1.2s)
  ✓  15 tests/e2e/workflow.spec.ts:3:1 › visitor confirms a solution, inspects propagation, and records teacher review (599ms)
  ✓  16 tests/e2e/workflow.spec.ts:56:1 › landing and student workspace pass automated accessibility checks (630ms)
  ✓  17 tests/e2e/workflow.spec.ts:82:1 › mobile workspace has no horizontal overflow and supports correct solution (431ms)

  17 passed (21.1s)
README.md 25ms (unchanged)
obsidian/TraceLab-Vault/00-START-HERE.md 4ms (unchanged)
obsidian/TraceLab-Vault/01-Project-Overview/IXL-Competency-Mapping.md 3ms (unchanged)
obsidian/TraceLab-Vault/01-Project-Overview/Product-Requirements.md 1ms (unchanged)
obsidian/TraceLab-Vault/01-Project-Overview/Project-Glossary.md 1ms (unchanged)
obsidian/TraceLab-Vault/01-Project-Overview/Scope-and-Non-Goals.md 1ms (unchanged)
obsidian/TraceLab-Vault/01-Project-Overview/Success-Criteria.md 1ms (unchanged)
obsidian/TraceLab-Vault/01-Project-Overview/Vision.md 1ms (unchanged)
obsidian/TraceLab-Vault/02-Architecture/Adaptive-Learning-Engine.md 4ms (unchanged)
obsidian/TraceLab-Vault/02-Architecture/API-Architecture.md 1ms (unchanged)
obsidian/TraceLab-Vault/02-Architecture/Authentication-Architecture.md 1ms (unchanged)
obsidian/TraceLab-Vault/02-Architecture/Component-Architecture.md 1ms (unchanged)
obsidian/TraceLab-Vault/02-Architecture/Database-Architecture.md 2ms (unchanged)
obsidian/TraceLab-Vault/02-Architecture/Deployment-Architecture.md 1ms (unchanged)
obsidian/TraceLab-Vault/02-Architecture/Event-Replay-Architecture.md 1ms (unchanged)
obsidian/TraceLab-Vault/02-Architecture/Frontend-Architecture.md 1ms (unchanged)
obsidian/TraceLab-Vault/02-Architecture/Mathematical-Engine.md 2ms (unchanged)
obsidian/TraceLab-Vault/02-Architecture/OCR-Pipeline.md 1ms (unchanged)
obsidian/TraceLab-Vault/02-Architecture/Real-Time-Architecture.md 1ms (unchanged)
obsidian/TraceLab-Vault/02-Architecture/System-Architecture.md 1ms (unchanged)
obsidian/TraceLab-Vault/02-Architecture/Technology-Stack.md 1ms (unchanged)
obsidian/TraceLab-Vault/03-Product-Design/Accessibility.md 1ms (unchanged)
obsidian/TraceLab-Vault/03-Product-Design/Demo-User-Flow.md 1ms (unchanged)
obsidian/TraceLab-Vault/03-Product-Design/Design-System.md 1ms (unchanged)
obsidian/TraceLab-Vault/03-Product-Design/Screen-Inventory.md 1ms (unchanged)
obsidian/TraceLab-Vault/03-Product-Design/Student-User-Flow.md 1ms (unchanged)
obsidian/TraceLab-Vault/03-Product-Design/Teacher-User-Flow.md 1ms (unchanged)
obsidian/TraceLab-Vault/03-Product-Design/User-Stories.md 1ms (unchanged)
obsidian/TraceLab-Vault/03-Product-Design/Wireframes.md 1ms (unchanged)
obsidian/TraceLab-Vault/04-Curriculum/Curriculum-Overview.md 1ms (unchanged)
obsidian/TraceLab-Vault/04-Curriculum/Fractions.md 1ms (unchanged)
obsidian/TraceLab-Vault/04-Curriculum/Geometry.md 2ms (unchanged)
obsidian/TraceLab-Vault/04-Curriculum/Linear-Equations.md 2ms (unchanged)
obsidian/TraceLab-Vault/04-Curriculum/Misconception-Taxonomy.md 1ms (unchanged)
obsidian/TraceLab-Vault/04-Curriculum/Question-Generation.md 1ms (unchanged)
obsidian/TraceLab-Vault/04-Curriculum/Ratios-and-Proportions.md 1ms (unchanged)
obsidian/TraceLab-Vault/04-Curriculum/Skill-Graph.md 1ms (unchanged)
obsidian/TraceLab-Vault/05-Engineering/API-Contracts.md 2ms (unchanged)
obsidian/TraceLab-Vault/05-Engineering/Coding-Conventions.md 1ms (unchanged)
obsidian/TraceLab-Vault/05-Engineering/Database-Schema.md 2ms (unchanged)
obsidian/TraceLab-Vault/05-Engineering/Development-Standards.md 0ms (unchanged)
obsidian/TraceLab-Vault/05-Engineering/Error-Handling.md 1ms (unchanged)
obsidian/TraceLab-Vault/05-Engineering/Git-Workflow.md 1ms (unchanged)
obsidian/TraceLab-Vault/05-Engineering/Performance-Engineering.md 0ms (unchanged)
obsidian/TraceLab-Vault/05-Engineering/Security-Engineering.md 1ms (unchanged)
obsidian/TraceLab-Vault/05-Engineering/Testing-Strategy.md 1ms (unchanged)
obsidian/TraceLab-Vault/06-Research/Adaptive-Learning-Research.md 2ms (unchanged)
obsidian/TraceLab-Vault/06-Research/Educational-Standards.md 2ms (unchanged)
obsidian/TraceLab-Vault/06-Research/Hosting-Feasibility.md 1ms (unchanged)
obsidian/TraceLab-Vault/06-Research/Mathematical-Verification.md 1ms (unchanged)
obsidian/TraceLab-Vault/06-Research/OCR-Model-Comparison.md 1ms (unchanged)
obsidian/TraceLab-Vault/06-Research/Privacy-Requirements.md 1ms (unchanged)
obsidian/TraceLab-Vault/06-Research/References.md 1ms (unchanged)
obsidian/TraceLab-Vault/07-Development-Journal/Change-Ledger.md 29ms (unchanged)
obsidian/TraceLab-Vault/07-Development-Journal/Current-State.md 5ms (unchanged)
obsidian/TraceLab-Vault/07-Development-Journal/Development-Sessions.md 1ms (unchanged)
obsidian/TraceLab-Vault/07-Development-Journal/Known-Issues.md 1ms (unchanged)
obsidian/TraceLab-Vault/07-Development-Journal/Recovery-Instructions.md 3ms (unchanged)
obsidian/TraceLab-Vault/07-Development-Journal/Regression-History.md 3ms (unchanged)
obsidian/TraceLab-Vault/07-Development-Journal/Task-Backlog.md 1ms (unchanged)
obsidian/TraceLab-Vault/08-Testing/Accessibility-Testing.md 1ms (unchanged)
obsidian/TraceLab-Vault/08-Testing/Math-Engine-Results.md 2ms (unchanged)
obsidian/TraceLab-Vault/08-Testing/OCR-Benchmark-Results.md 1ms (unchanged)
obsidian/TraceLab-Vault/08-Testing/Performance-Benchmarks.md 1ms (unchanged)
obsidian/TraceLab-Vault/08-Testing/Security-Testing.md 1ms (unchanged)
obsidian/TraceLab-Vault/08-Testing/Test-Matrix.md 1ms (unchanged)
obsidian/TraceLab-Vault/08-Testing/Test-Results.md 11ms (unchanged)
obsidian/TraceLab-Vault/09-Operations/Data-Retention.md 1ms (unchanged)
obsidian/TraceLab-Vault/09-Operations/Deployment-Guide.md 1ms (unchanged)
obsidian/TraceLab-Vault/09-Operations/Environment-Variables.md 1ms (unchanged)
obsidian/TraceLab-Vault/09-Operations/Incident-Response.md 1ms (unchanged)
obsidian/TraceLab-Vault/09-Operations/Local-Development.md 3ms (unchanged)
obsidian/TraceLab-Vault/09-Operations/Monitoring.md 0ms (unchanged)
obsidian/TraceLab-Vault/10-Roadmap/Master-Roadmap.md 1ms (unchanged)
obsidian/TraceLab-Vault/10-Roadmap/Phase-0-Feasibility.md 1ms (unchanged)
obsidian/TraceLab-Vault/10-Roadmap/Phase-1-Foundation.md 0ms (unchanged)
obsidian/TraceLab-Vault/10-Roadmap/Phase-2-Mathematics.md 1ms (unchanged)
obsidian/TraceLab-Vault/10-Roadmap/Phase-3-Computer-Vision.md 1ms (unchanged)
obsidian/TraceLab-Vault/10-Roadmap/Phase-4-Classrooms.md 0ms (unchanged)
obsidian/TraceLab-Vault/10-Roadmap/Phase-5-Adaptive-Learning.md 1ms (unchanged)
obsidian/TraceLab-Vault/10-Roadmap/Phase-6-Production-Readiness.md 1ms (unchanged)
obsidian/TraceLab-Vault/11-Architecture-Decisions/ADR-0001-System-Architecture.md 1ms (unchanged)
obsidian/TraceLab-Vault/11-Architecture-Decisions/ADR-0002-Database-Selection.md 1ms (unchanged)
obsidian/TraceLab-Vault/11-Architecture-Decisions/ADR-0003-OCR-Strategy.md 1ms (unchanged)
obsidian/TraceLab-Vault/11-Architecture-Decisions/ADR-0004-Mathematical-Verification.md 1ms (unchanged)
obsidian/TraceLab-Vault/11-Architecture-Decisions/ADR-0005-Async-Persistence.md 1ms (unchanged)
obsidian/TraceLab-Vault/11-Architecture-Decisions/ADR-0006-Private-Object-Storage.md 2ms (unchanged)

> tracelab-os@0.1.0 format:check /Users/userselu/Downloads/TracelabOS
> prettier --check .

Checking formatting...
All matched files use Prettier code style!
