scripts/quantity-oracle-vectors.ts 26ms
.github/workflows/quality.yml 12ms (unchanged)

> tracelab-os@0.1.0 oracle:quantities /Users/userselu/Downloads/TracelabOS
> node --experimental-transform-types scripts/quantity-oracle-vectors.ts

(node:37692) ExperimentalWarning: Transform Types is an experimental feature and might change at any time
(Use `node --trace-warnings ...` to show where the warning was created)

> tracelab-os@0.1.0 typecheck /Users/userselu/Downloads/TracelabOS
> tsc --noEmit


> tracelab-os@0.1.0 lint /Users/userselu/Downloads/TracelabOS
> eslint .


> tracelab-os@0.1.0 test /Users/userselu/Downloads/TracelabOS
> vitest run


 RUN  v4.1.11 /Users/userselu/Downloads/TracelabOS

(node:37780) ExperimentalWarning: SQLite is an experimental feature and might change at any time
(Use `node --trace-warnings ...` to show where the warning was created)
(node:37777) ExperimentalWarning: SQLite is an experimental feature and might change at any time
(Use `node --trace-warnings ...` to show where the warning was created)
(node:37788) ExperimentalWarning: SQLite is an experimental feature and might change at any time
(Use `node --trace-warnings ...` to show where the warning was created)
(node:37778) ExperimentalWarning: SQLite is an experimental feature and might change at any time
(Use `node --trace-warnings ...` to show where the warning was created)
(node:37779) ExperimentalWarning: SQLite is an experimental feature and might change at any time
(Use `node --trace-warnings ...` to show where the warning was created)
(node:37785) ExperimentalWarning: SQLite is an experimental feature and might change at any time
(Use `node --trace-warnings ...` to show where the warning was created)
(node:37776) ExperimentalWarning: SQLite is an experimental feature and might change at any time
(Use `node --trace-warnings ...` to show where the warning was created)

 Test Files  15 passed (15)
      Tests  1141 passed (1141)
   Start at  16:12:47
   Duration  2.31s (transform 989ms, setup 0ms, import 2.86s, tests 8.58s, environment 1ms)

