tests/integration/image-storage.test.ts 47ms

> tracelab-os@0.1.0 verify /Users/userselu/Downloads/TracelabOS
> pnpm typecheck && pnpm lint && pnpm test && pnpm build


> tracelab-os@0.1.0 typecheck /Users/userselu/Downloads/TracelabOS
> tsc --noEmit


> tracelab-os@0.1.0 lint /Users/userselu/Downloads/TracelabOS
> eslint .


> tracelab-os@0.1.0 test /Users/userselu/Downloads/TracelabOS
> vitest run


 RUN  v4.1.11 /Users/userselu/Downloads/TracelabOS

(node:59025) ExperimentalWarning: SQLite is an experimental feature and might change at any time
(Use `node --trace-warnings ...` to show where the warning was created)
(node:59022) ExperimentalWarning: SQLite is an experimental feature and might change at any time
(Use `node --trace-warnings ...` to show where the warning was created)
(node:59028) ExperimentalWarning: SQLite is an experimental feature and might change at any time
(Use `node --trace-warnings ...` to show where the warning was created)
(node:59024) ExperimentalWarning: SQLite is an experimental feature and might change at any time
(Use `node --trace-warnings ...` to show where the warning was created)
(node:59023) ExperimentalWarning: SQLite is an experimental feature and might change at any time
(Use `node --trace-warnings ...` to show where the warning was created)
(node:59027) ExperimentalWarning: SQLite is an experimental feature and might change at any time
(Use `node --trace-warnings ...` to show where the warning was created)

 Test Files  9 passed (9)
      Tests  416 passed (416)
   Start at  19:40:03
   Duration  1.63s (transform 340ms, setup 0ms, import 1.16s, tests 4.41s, environment 0ms)


> tracelab-os@0.1.0 build /Users/userselu/Downloads/TracelabOS
> next build apps/web --webpack

▲ Next.js 16.3.8 (webpack)
✓ Running next.config.ts took 52ms

  Creating an optimized production build ...
✓ Compiled successfully in 825ms
  Running TypeScript ...
  Finished TypeScript in 1221ms ...
  Collecting page data using 5 workers ...
(node:59176) ExperimentalWarning: SQLite is an experimental feature and might change at any time
(Use `node --trace-warnings ...` to show where the warning was created)
  Generating static pages using 5 workers (0/3) ...
✓ Generating static pages using 5 workers (3/3) in 203ms
  Finalizing page optimization ...
  Collecting build traces ...

Route (app)
┌ ○ /
├ ○ /_not-found
└ ƒ /api/[[...route]]


○  (Static)   prerendered as static content
ƒ  (Dynamic)  server-rendered on demand


> tracelab-os@0.1.0 test:e2e /Users/userselu/Downloads/TracelabOS
> playwright test

[WebServer] (node:59263) Warning: The 'NO_COLOR' env is ignored due to the 'FORCE_COLOR' env being set.
[WebServer] (Use `node --trace-warnings ...` to show where the warning was created)
[WebServer] (node:59323) Warning: The 'NO_COLOR' env is ignored due to the 'FORCE_COLOR' env being set.
[WebServer] (Use `node --trace-warnings ...` to show where the warning was created)

Running 5 tests using 1 worker

(node:59339) Warning: The 'NO_COLOR' env is ignored due to the 'FORCE_COLOR' env being set.
(Use `node --trace-warnings ...` to show where the warning was created)
[WebServer] (node:59323) ExperimentalWarning: SQLite is an experimental feature and might change at any time
  ✓  1 tests/e2e/classroom.spec.ts:28:1 › authenticated classroom publication, enrollment, photo, confirmed fraction work, teacher release, and login (1.8s)
  ✓  2 tests/e2e/classroom.spec.ts:175:1 › keyboard skip link and demo navigation remain usable at 200 percent text zoom (209ms)
  ✓  3 tests/e2e/workflow.spec.ts:3:1 › visitor confirms a solution, inspects propagation, and records teacher review (725ms)
  ✓  4 tests/e2e/workflow.spec.ts:56:1 › landing and student workspace pass automated accessibility checks (631ms)
  ✓  5 tests/e2e/workflow.spec.ts:82:1 › mobile workspace has no horizontal overflow and supports correct solution (394ms)

  5 passed (5.8s)
No known vulnerabilities found
