
> tracelab-os@0.1.0 verify /Users/userselu/Downloads/TracelabOS
> pnpm typecheck && pnpm lint && pnpm test && pnpm build


> tracelab-os@0.1.0 typecheck /Users/userselu/Downloads/TracelabOS
> tsc --noEmit


> tracelab-os@0.1.0 lint /Users/userselu/Downloads/TracelabOS
> eslint .


> tracelab-os@0.1.0 test /Users/userselu/Downloads/TracelabOS
> vitest run


 RUN  v4.1.11 /Users/userselu/Downloads/TracelabOS

(node:32433) ExperimentalWarning: SQLite is an experimental feature and might change at any time
(Use `node --trace-warnings ...` to show where the warning was created)
(node:32442) ExperimentalWarning: SQLite is an experimental feature and might change at any time
(Use `node --trace-warnings ...` to show where the warning was created)
(node:32431) ExperimentalWarning: SQLite is an experimental feature and might change at any time
(Use `node --trace-warnings ...` to show where the warning was created)
(node:32435) ExperimentalWarning: SQLite is an experimental feature and might change at any time
(Use `node --trace-warnings ...` to show where the warning was created)
(node:32434) ExperimentalWarning: SQLite is an experimental feature and might change at any time
(Use `node --trace-warnings ...` to show where the warning was created)
(node:32441) ExperimentalWarning: SQLite is an experimental feature and might change at any time
(Use `node --trace-warnings ...` to show where the warning was created)
(node:32432) ExperimentalWarning: SQLite is an experimental feature and might change at any time
(Use `node --trace-warnings ...` to show where the warning was created)

 Test Files  14 passed (14)
      Tests  1083 passed (1083)
   Start at  16:05:00
   Duration  2.20s (transform 938ms, setup 0ms, import 2.65s, tests 8.21s, environment 1ms)


> tracelab-os@0.1.0 build /Users/userselu/Downloads/TracelabOS
> next build apps/web --webpack

▲ Next.js 16.3.8 (webpack)
✓ Running next.config.ts took 78ms

  Creating an optimized production build ...
✓ Compiled successfully in 1242ms
  Running TypeScript ...
  Finished TypeScript in 1511ms ...
  Collecting page data using 5 workers ...
(node:32590) ExperimentalWarning: SQLite is an experimental feature and might change at any time
(Use `node --trace-warnings ...` to show where the warning was created)
  Generating static pages using 5 workers (0/3) ...
✓ Generating static pages using 5 workers (3/3) in 259ms
  Finalizing page optimization ...
  Collecting build traces ...

Route (app)
┌ ○ /
├ ○ /_not-found
└ ƒ /api/[[...route]]


○  (Static)   prerendered as static content
ƒ  (Dynamic)  server-rendered on demand



> tracelab-os@0.1.0 test:e2e /Users/userselu/Downloads/TracelabOS
> playwright test

[WebServer] (node:32756) ExperimentalWarning: Transform Types is an experimental feature and might change at any time
[WebServer] (Use `node --trace-warnings ...` to show where the warning was created)
[WebServer] (node:32756) Warning: The 'NO_COLOR' env is ignored due to the 'FORCE_COLOR' env being set.
[WebServer] (node:32756) ExperimentalWarning: SQLite is an experimental feature and might change at any time
[WebServer] (node:32757) Warning: The 'NO_COLOR' env is ignored due to the 'FORCE_COLOR' env being set.
[WebServer] (Use `node --trace-warnings ...` to show where the warning was created)
[WebServer] (node:32780) Warning: The 'NO_COLOR' env is ignored due to the 'FORCE_COLOR' env being set.
[WebServer] (Use `node --trace-warnings ...` to show where the warning was created)

Running 11 tests using 1 worker

(node:32786) Warning: The 'NO_COLOR' env is ignored due to the 'FORCE_COLOR' env being set.
(Use `node --trace-warnings ...` to show where the warning was created)
[WebServer] (node:32780) ExperimentalWarning: SQLite is an experimental feature and might change at any time
  ✓   1 tests/e2e/classroom.spec.ts:28:1 › authenticated classroom publication, enrollment, photo, confirmed fraction work, teacher release, and login (2.1s)
  ✓   2 tests/e2e/classroom.spec.ts:175:1 › keyboard skip link and demo navigation remain usable at 200 percent text zoom (234ms)
  ✓   3 tests/e2e/curriculum.spec.ts:4:1 › teacher previews fraction bars and student completes a generated division assignment on mobile (982ms)
  ✓   4 tests/e2e/curriculum.spec.ts:81:1 › a generated expression can be simplified and completed through the student workspace (829ms)
  ✓   5 tests/e2e/curriculum.spec.ts:135:1 › positive proportions show a ratio table and preserve denominator conditions after confirmation (824ms)
  ✓   6 tests/e2e/ocr-workflow.spec.ts:33:1 › queued extraction preserves original output, requires correction confirmation and remains inspectable by the teacher (1.7s)
  ✓   7 tests/e2e/ocr-workflow.spec.ts:102:1 › invalid extraction offers manual fallback with no automatic grade (1.3s)
  ✓   8 tests/e2e/ocr-workflow.spec.ts:121:1 › cancelling an in-flight extraction retains the saved draft and rejects late output (4.0s)
  ✓   9 tests/e2e/workflow.spec.ts:3:1 › visitor confirms a solution, inspects propagation, and records teacher review (575ms)
  ✓  10 tests/e2e/workflow.spec.ts:56:1 › landing and student workspace pass automated accessibility checks (674ms)
  ✓  11 tests/e2e/workflow.spec.ts:82:1 › mobile workspace has no horizontal overflow and supports correct solution (399ms)

  11 passed (16.1s)
