EXPECTED FAILING REGRESSION BEFORE FIX

 RUN  v4.1.11 /Users/userselu/Downloads/TracelabOS

(node:24058) ExperimentalWarning: SQLite is an experimental feature and might change at any time
(Use `node --trace-warnings ...` to show where the warning was created)
 ❯ tests/integration/api.test.ts (60 tests | 2 failed | 58 skipped) 623ms
     × withholds answer-bearing and future internal question fields from students without erasing teacher provenance 12ms
     × withholds answer-bearing and future internal question fields from students without erasing teacher provenance 16ms

⎯⎯⎯⎯⎯⎯⎯ Failed Tests 2 ⎯⎯⎯⎯⎯⎯⎯

 FAIL  tests/integration/api.test.ts > sqlite API > withholds answer-bearing and future internal question fields from students without erasing teacher provenance
AssertionError: expected { id: 'distribution-demo-v1', …(10) } to not have property "parameters"

- Expected:
undefined

+ Received:
{
  "a": 3,
  "b": 2,
  "x": 7,
}

 ❯ tests/integration/api.test.ts:215:129
    213|     const studentAssignments=await (await call('/assignments','GET',un…
    214|     const question=studentAssignments.find((a:{id:string})=>a.id===d.a…
    215|     for(const field of ['parameters','reference','alternativePaths','s…
       |                                                                                                                                 ^
    216|     expect(question).toMatchObject({id:saved.id,skillId:saved.skillId,…
    217|     const tc=await teacher(d.cookie);

⎯⎯⎯⎯⎯⎯⎯⎯⎯⎯⎯⎯⎯⎯⎯⎯⎯⎯⎯⎯⎯⎯⎯⎯[1/2]⎯

 FAIL  tests/integration/api.test.ts > postgres API > withholds answer-bearing and future internal question fields from students without erasing teacher provenance
AssertionError: expected { id: 'distribution-demo-v1', …(10) } to not have property "parameters"

- Expected:
undefined

+ Received:
{
  "a": 3,
  "b": 2,
  "x": 7,
}

 ❯ tests/integration/api.test.ts:215:129
    213|     const studentAssignments=await (await call('/assignments','GET',un…
    214|     const question=studentAssignments.find((a:{id:string})=>a.id===d.a…
    215|     for(const field of ['parameters','reference','alternativePaths','s…
       |                                                                                                                                 ^
    216|     expect(question).toMatchObject({id:saved.id,skillId:saved.skillId,…
    217|     const tc=await teacher(d.cookie);

⎯⎯⎯⎯⎯⎯⎯⎯⎯⎯⎯⎯⎯⎯⎯⎯⎯⎯⎯⎯⎯⎯⎯⎯[2/2]⎯


 Test Files  1 failed (1)
      Tests  2 failed | 58 skipped (60)
   Start at  21:22:38
   Duration  917ms (transform 93ms, setup 0ms, import 191ms, tests 623ms, environment 0ms)


PASSING FULL VERIFICATION AFTER FIX
services/api/src/question-view.ts 19ms
services/api/src/app.ts 62ms
packages/question-bank/src/types.ts 3ms
apps/web/app/page.tsx 64ms
tests/integration/api.test.ts 24ms

> tracelab-os@0.1.0 verify /Users/userselu/Downloads/TracelabOS
> pnpm typecheck && pnpm lint && pnpm test && pnpm build


> tracelab-os@0.1.0 typecheck /Users/userselu/Downloads/TracelabOS
> tsc --noEmit


> tracelab-os@0.1.0 lint /Users/userselu/Downloads/TracelabOS
> eslint .


> tracelab-os@0.1.0 test /Users/userselu/Downloads/TracelabOS
> vitest run


 RUN  v4.1.11 /Users/userselu/Downloads/TracelabOS

(node:24530) ExperimentalWarning: SQLite is an experimental feature and might change at any time
(Use `node --trace-warnings ...` to show where the warning was created)
(node:24519) ExperimentalWarning: SQLite is an experimental feature and might change at any time
(Use `node --trace-warnings ...` to show where the warning was created)
(node:24522) ExperimentalWarning: SQLite is an experimental feature and might change at any time
(Use `node --trace-warnings ...` to show where the warning was created)
(node:24520) ExperimentalWarning: SQLite is an experimental feature and might change at any time
(Use `node --trace-warnings ...` to show where the warning was created)
(node:24521) ExperimentalWarning: SQLite is an experimental feature and might change at any time
(Use `node --trace-warnings ...` to show where the warning was created)
(node:24518) ExperimentalWarning: SQLite is an experimental feature and might change at any time
(Use `node --trace-warnings ...` to show where the warning was created)
(node:24531) ExperimentalWarning: SQLite is an experimental feature and might change at any time
(Use `node --trace-warnings ...` to show where the warning was created)

 Test Files  16 passed (16)
      Tests  1385 passed (1385)
   Start at  21:23:17
   Duration  2.16s (transform 1.04s, setup 0ms, import 2.89s, tests 8.53s, environment 1ms)


> tracelab-os@0.1.0 build /Users/userselu/Downloads/TracelabOS
> next build apps/web --webpack

▲ Next.js 16.3.8 (webpack)
✓ Running next.config.ts took 50ms

  Creating an optimized production build ...
✓ Compiled successfully in 806ms
  Running TypeScript ...
  Finished TypeScript in 1286ms ...
  Collecting page data using 5 workers ...
(node:24679) ExperimentalWarning: SQLite is an experimental feature and might change at any time
(Use `node --trace-warnings ...` to show where the warning was created)
  Generating static pages using 5 workers (0/3) ...
✓ Generating static pages using 5 workers (3/3) in 239ms
  Finalizing page optimization ...
  Collecting build traces ...

Route (app)
┌ ○ /
├ ○ /_not-found
└ ƒ /api/[[...route]]


○  (Static)   prerendered as static content
ƒ  (Dynamic)  server-rendered on demand



> tracelab-os@0.1.0 test:e2e /Users/userselu/Downloads/TracelabOS
> playwright test

[WebServer] (node:25660) ExperimentalWarning: Transform Types is an experimental feature and might change at any time
[WebServer] (Use `node --trace-warnings ...` to show where the warning was created)
[WebServer] (node:25660) Warning: The 'NO_COLOR' env is ignored due to the 'FORCE_COLOR' env being set.
[WebServer] (node:25660) ExperimentalWarning: SQLite is an experimental feature and might change at any time
[WebServer] (node:25666) Warning: The 'NO_COLOR' env is ignored due to the 'FORCE_COLOR' env being set.
[WebServer] (Use `node --trace-warnings ...` to show where the warning was created)
[WebServer] (node:25695) Warning: The 'NO_COLOR' env is ignored due to the 'FORCE_COLOR' env being set.
[WebServer] (Use `node --trace-warnings ...` to show where the warning was created)

Running 13 tests using 1 worker

(node:25706) Warning: The 'NO_COLOR' env is ignored due to the 'FORCE_COLOR' env being set.
(Use `node --trace-warnings ...` to show where the warning was created)
[WebServer] (node:25695) ExperimentalWarning: SQLite is an experimental feature and might change at any time
  ✓   1 tests/e2e/classroom.spec.ts:28:1 › authenticated classroom publication, enrollment, photo, confirmed fraction work, teacher release, and login (1.8s)
  ✓   2 tests/e2e/classroom.spec.ts:175:1 › keyboard skip link and demo navigation remain usable at 200 percent text zoom (212ms)
  ✓   3 tests/e2e/curriculum.spec.ts:4:1 › teacher previews fraction bars and student completes a generated division assignment on mobile (995ms)
  ✓   4 tests/e2e/curriculum.spec.ts:81:1 › a generated expression can be simplified and completed through the student workspace (773ms)
  ✓   5 tests/e2e/curriculum.spec.ts:135:1 › positive proportions show a ratio table and preserve denominator conditions after confirmation (859ms)
  ✓   6 tests/e2e/curriculum.spec.ts:197:1 › composite geometry uses known dimensions and completes with square units on mobile (841ms)
  ✓   7 tests/e2e/curriculum.spec.ts:258:1 › area unit error remains in automatic history after a teacher accepts the original work (607ms)
  ✓   8 tests/e2e/ocr-workflow.spec.ts:33:1 › queued extraction preserves original output, requires correction confirmation and remains inspectable by the teacher (1.8s)
  ✓   9 tests/e2e/ocr-workflow.spec.ts:102:1 › invalid extraction offers manual fallback with no automatic grade (1.3s)
  ✓  10 tests/e2e/ocr-workflow.spec.ts:121:1 › cancelling an in-flight extraction retains the saved draft and rejects late output (4.0s)
  ✓  11 tests/e2e/workflow.spec.ts:3:1 › visitor confirms a solution, inspects propagation, and records teacher review (603ms)
  ✓  12 tests/e2e/workflow.spec.ts:56:1 › landing and student workspace pass automated accessibility checks (642ms)
  ✓  13 tests/e2e/workflow.spec.ts:82:1 › mobile workspace has no horizontal overflow and supports correct solution (392ms)

  13 passed (17.3s)
